[][][][][][][][][][][][][][][]falsefalse
false
false
false
false
false
false
false
false
false
false
false
false
false